Command line invocation:
    /Applications/Xcode.app/Contents/Developer/usr/bin/xcodebuild -project "Pump Fitness.xcodeproj" -scheme "Pump Fitness" -destination "platform=iOS Simulator,OS=18.0,name=iPhone 16" build

Resolve Package Graph


Resolved source packages:
  GoogleDataTransport: https://github.com/google/GoogleDataTransport.git @ 10.1.0
  abseil: https://github.com/google/abseil-cpp-binary.git @ 1.2024072200.0
  gRPC: https://github.com/google/grpc-binary.git @ 1.69.1
  Promises: https://github.com/google/promises.git @ 2.4.0
  InteropForGoogle: https://github.com/google/interop-ios-for-google-sdks.git @ 101.0.0
  GoogleUtilities: https://github.com/google/GoogleUtilities.git @ 8.1.0
  GTMSessionFetcher: https://github.com/google/gtm-session-fetcher.git @ 3.5.0
  AppAuth: https://github.com/openid/AppAuth-iOS.git @ 2.0.0
  Firebase: https://github.com/firebase/firebase-ios-sdk.git @ 12.6.0
  SwiftProtobuf: https://github.com/apple/swift-protobuf.git @ 1.33.3
  GoogleAppMeasurement: https://github.com/google/GoogleAppMeasurement.git @ 12.5.0
  leveldb: https://github.com/firebase/leveldb.git @ 1.22.5
  AppCheck: https://github.com/google/app-check.git @ 11.2.0
  GoogleAdsOnDeviceConversion: https://github.com/googleads/google-ads-on-device-conversion-ios-sdk @ 3.2.0
  GTMAppAuth: https://github.com/google/GTMAppAuth.git @ 5.0.0
  nanopb: https://github.com/firebase/nanopb.git @ 2.30910.0
  GoogleSignIn: https://github.com/google/GoogleSignIn-iOS @ 9.0.0

--- xcodebuild: WARNING: Using the first of multiple matching destinations:
{ platform:iOS Simulator, arch:arm64, id:06E40B8F-5A2F-491C-8599-88B9C8232672, OS:18.0, name:iPhone 16 }
{ platform:iOS Simulator, arch:x86_64, id:06E40B8F-5A2F-491C-8599-88B9C8232672, OS:18.0, name:iPhone 16 }
ComputePackagePrebuildTargetDependencyGraph

Prepare packages

CreateBuildRequest

SendProjectDescription

CreateBuildOperation

ComputeTargetDependencyGraph
note: Building targets in dependency order
note: Target dependency graph (83 targets)
    Target 'Trackerio' in project 'Pump Fitness'
        ➜ Explicit dependency on target 'GoogleSignInSwift' in project 'GoogleSignIn'
        ➜ Explicit dependency on target 'FirebaseAuth' in project 'Firebase'
        ➜ Explicit dependency on target 'GoogleSignIn' in project 'GoogleSignIn'
        ➜ Explicit dependency on target 'FirebaseFirestore' in project 'Firebase'
        ➜ Explicit dependency on target 'FirebaseStorage' in project 'Firebase'
    Target 'FirebaseStorage' in project 'Firebase'
        ➜ Explicit dependency on target 'FirebaseStorage' in project 'Firebase'
        ➜ Explicit dependency on target 'FirebaseAppCheckInterop' in project 'Firebase'
        ➜ Explicit dependency on target 'FirebaseAuthInterop' in project 'Firebase'
        ➜ Explicit dependency on target 'Firebase' in project 'Firebase'
        ➜ Explicit dependency on target 'FirebaseCoreInternal' in project 'Firebase'
        ➜ Explicit dependency on target 'FirebaseCore' in project 'Firebase'
        ➜ Explicit dependency on target 'FirebaseCoreExtension' in project 'Firebase'
        ➜ Explicit dependency on target 'GULNSData' in project 'GoogleUtilities'
        ➜ Explicit dependency on target 'GULEnvironment' in project 'GoogleUtilities'
        ➜ Explicit dependency on target 'GULLogger' in project 'GoogleUtilities'
        ➜ Explicit dependency on target 'GTMSessionFetcherCore' in project 'GTMSessionFetcher'
    Target 'FirebaseStorage' in project 'Firebase'
        ➜ Explicit dependency on target 'FirebaseAppCheckInterop' in project 'Firebase'
        ➜ Explicit dependency on target 'FirebaseAuthInterop' in project 'Firebase'
        ➜ Explicit dependency on target 'Firebase' in project 'Firebase'
        ➜ Explicit dependency on target 'FirebaseCoreInternal' in project 'Firebase'
        ➜ Explicit dependency on target 'FirebaseCore' in project 'Firebase'
        ➜ Explicit dependency on target 'FirebaseCoreExtension' in project 'Firebase'
        ➜ Explicit dependency on target 'GULNSData' in project 'GoogleUtilities'
        ➜ Explicit dependency on target 'GULEnvironment' in project 'GoogleUtilities'
        ➜ Explicit dependency on target 'GULLogger' in project 'GoogleUtilities'
        ➜ Explicit dependency on target 'GTMSessionFetcherCore' in project 'GTMSessionFetcher'
    Target 'FirebaseFirestore' in project 'Firebase'
        ➜ Explicit dependency on target 'FirebaseFirestoreTarget' in project 'Firebase'
        ➜ Explicit dependency on target 'FirebaseFirestoreInternalWrapper' in project 'Firebase'
        ➜ Explicit dependency on target 'FirebaseAppCheckInterop' in project 'Firebase'
        ➜ Explicit dependency on target 'Firebase' in project 'Firebase'
        ➜ Explicit dependency on target 'FirebaseCoreInternal' in project 'Firebase'
        ➜ Explicit dependency on target 'FirebaseCore' in project 'Firebase'
        ➜ Explicit dependency on target 'FirebaseCoreExtension' in project 'Firebase'
        ➜ Explicit dependency on target 'FirebaseSharedSwift' in project 'Firebase'
        ➜ Explicit dependency on target 'FirebaseFirestore' in project 'Firebase'
        ➜ Explicit dependency on target 'GULNSData' in project 'GoogleUtilities'
        ➜ Explicit dependency on target 'GULEnvironment' in project 'GoogleUtilities'
        ➜ Explicit dependency on target 'GULLogger' in project 'GoogleUtilities'
        ➜ Explicit dependency on target 'abseil' in project 'abseil'
        ➜ Explicit dependency on target 'gRPC-C++' in project 'gRPC'
        ➜ Explicit dependency on target 'nanopb' in project 'nanopb'
        ➜ Explicit dependency on target 'leveldb' in project 'leveldb'
    Target 'FirebaseFirestoreTarget' in project 'Firebase'
        ➜ Explicit dependency on target 'FirebaseFirestoreInternalWrapper' in project 'Firebase'
        ➜ Explicit dependency on target 'FirebaseAppCheckInterop' in project 'Firebase'
        ➜ Explicit dependency on target 'Firebase' in project 'Firebase'
        ➜ Explicit dependency on target 'FirebaseCoreInternal' in project 'Firebase'
        ➜ Explicit dependency on target 'FirebaseCore' in project 'Firebase'
        ➜ Explicit dependency on target 'FirebaseCoreExtension' in project 'Firebase'
        ➜ Explicit dependency on target 'FirebaseSharedSwift' in project 'Firebase'
        ➜ Explicit dependency on target 'FirebaseFirestore' in project 'Firebase'
        ➜ Explicit dependency on target 'GULNSData' in project 'GoogleUtilities'
        ➜ Explicit dependency on target 'GULEnvironment' in project 'GoogleUtilities'
        ➜ Explicit dependency on target 'GULLogger' in project 'GoogleUtilities'
        ➜ Explicit dependency on target 'abseil' in project 'abseil'
        ➜ Explicit dependency on target 'gRPC-C++' in project 'gRPC'
        ➜ Explicit dependency on target 'nanopb' in project 'nanopb'
        ➜ Explicit dependency on target 'leveldb' in project 'leveldb'
    Target 'FirebaseFirestore' in project 'Firebase'
        ➜ Explicit dependency on target 'Firebase_FirebaseFirestore' in project 'Firebase'
        ➜ Explicit dependency on target 'FirebaseFirestoreInternalWrapper' in project 'Firebase'
        ➜ Explicit dependency on target 'FirebaseAppCheckInterop' in project 'Firebase'
        ➜ Explicit dependency on target 'Firebase' in project 'Firebase'
        ➜ Explicit dependency on target 'FirebaseCoreInternal' in project 'Firebase'
        ➜ Explicit dependency on target 'FirebaseCore' in project 'Firebase'
        ➜ Explicit dependency on target 'FirebaseCoreExtension' in project 'Firebase'
        ➜ Explicit dependency on target 'FirebaseSharedSwift' in project 'Firebase'
        ➜ Explicit dependency on target 'GULNSData' in project 'GoogleUtilities'
        ➜ Explicit dependency on target 'GULEnvironment' in project 'GoogleUtilities'
        ➜ Explicit dependency on target 'GULLogger' in project 'GoogleUtilities'
        ➜ Explicit dependency on target 'abseil' in project 'abseil'
        ➜ Explicit dependency on target 'gRPC-C++' in project 'gRPC'
        ➜ Explicit dependency on target 'nanopb' in project 'nanopb'
        ➜ Explicit dependency on target 'leveldb' in project 'leveldb'
    Target 'leveldb' in project 'leveldb'
        ➜ Explicit dependency on target 'leveldb' in project 'leveldb'
        ➜ Explicit dependency on target 'leveldb_leveldb' in project 'leveldb'
    Target 'leveldb' in project 'leveldb'
        ➜ Explicit dependency on target 'leveldb_leveldb' in project 'leveldb'
    Target 'leveldb_leveldb' in project 'leveldb' (no dependencies)
    Target 'nanopb' in project 'nanopb'
        ➜ Explicit dependency on target 'nanopb' in project 'nanopb'
        ➜ Explicit dependency on target 'nanopb_nanopb' in project 'nanopb'
    Target 'nanopb' in project 'nanopb'
        ➜ Explicit dependency on target 'nanopb_nanopb' in project 'nanopb'
    Target 'nanopb_nanopb' in project 'nanopb' (no dependencies)
    Target 'gRPC-C++' in project 'gRPC'
        ➜ Explicit dependency on target 'grpcppWrapper' in project 'gRPC'
        ➜ Explicit dependency on target 'gRPC_grpcppWrapper' in project 'gRPC'
        ➜ Explicit dependency on target 'grpcWrapper' in project 'gRPC'
        ➜ Explicit dependency on target 'opensslWrapper' in project 'gRPC'
        ➜ Explicit dependency on target 'abseil' in project 'abseil'
    Target 'grpcppWrapper' in project 'gRPC'
        ➜ Explicit dependency on target 'gRPC_grpcppWrapper' in project 'gRPC'
        ➜ Explicit dependency on target 'grpcWrapper' in project 'gRPC'
        ➜ Explicit dependency on target 'opensslWrapper' in project 'gRPC'
        ➜ Explicit dependency on target 'abseil' in project 'abseil'
    Target 'opensslWrapper' in project 'gRPC'
        ➜ Explicit dependency on target 'gRPC_opensslWrapper' in project 'gRPC'
    Target 'gRPC_opensslWrapper' in project 'gRPC' (no dependencies)
    Target 'grpcWrapper' in project 'gRPC'
        ➜ Explicit dependency on target 'gRPC_grpcWrapper' in project 'gRPC'
    Target 'gRPC_grpcWrapper' in project 'gRPC' (no dependencies)
    Target 'gRPC_grpcppWrapper' in project 'gRPC' (no dependencies)
    Target 'abseil' in project 'abseil'
        ➜ Explicit dependency on target 'abslWrapper' in project 'abseil'
        ➜ Explicit dependency on target 'abseil_abslWrapper' in project 'abseil'
    Target 'abslWrapper' in project 'abseil'
        ➜ Explicit dependency on target 'abseil_abslWrapper' in project 'abseil'
    Target 'abseil_abslWrapper' in project 'abseil' (no dependencies)
    Target 'Firebase_FirebaseFirestore' in project 'Firebase' (no dependencies)
    Target 'FirebaseSharedSwift' in project 'Firebase' (no dependencies)
    Target 'FirebaseFirestoreInternalWrapper' in project 'Firebase' (no dependencies)
    Target 'GoogleSignIn' in project 'GoogleSignIn'
        ➜ Explicit dependency on target 'GoogleSignIn' in project 'GoogleSignIn'
        ➜ Explicit dependency on target 'GoogleSignIn_GoogleSignIn' in project 'GoogleSignIn'
        ➜ Explicit dependency on target 'AppAuth' in project 'AppAuth'
        ➜ Explicit dependency on target 'AppAuthCore' in project 'AppAuth'
        ➜ Explicit dependency on target 'AppCheckCore' in project 'AppCheck'
        ➜ Explicit dependency on target 'GTMAppAuth' in project 'GTMAppAuth'
        ➜ Explicit dependency on target 'GTMSessionFetcherCore' in project 'GTMSessionFetcher'
    Target 'FirebaseAuth' in project 'Firebase'
        ➜ Explicit dependency on target 'FirebaseAuth' in project 'Firebase'
        ➜ Explicit dependency on target 'Firebase_FirebaseAuth' in project 'Firebase'
        ➜ Explicit dependency on target 'FirebaseAppCheckInterop' in project 'Firebase'
        ➜ Explicit dependency on target 'FirebaseAuthInterop' in project 'Firebase'
        ➜ Explicit dependency on target 'FirebaseAuthInternal' in project 'Firebase'
        ➜ Explicit dependency on target 'Firebase' in project 'Firebase'
        ➜ Explicit dependency on target 'FirebaseCoreInternal' in project 'Firebase'
        ➜ Explicit dependency on target 'FirebaseCore' in project 'Firebase'
        ➜ Explicit dependency on target 'FirebaseCoreExtension' in project 'Firebase'
        ➜ Explicit dependency on target 'RecaptchaInterop' in project 'InteropForGoogle'
        ➜ Explicit dependency on target 'GULNSData' in project 'GoogleUtilities'
        ➜ Explicit dependency on target 'GULEnvironment' in project 'GoogleUtilities'
        ➜ Explicit dependency on target 'GULLogger' in project 'GoogleUtilities'
        ➜ Explicit dependency on target 'GULAppDelegateSwizzler' in project 'GoogleUtilities'
        ➜ Explicit dependency on target 'GTMSessionFetcherCore' in project 'GTMSessionFetcher'
    Target 'FirebaseAuth' in project 'Firebase'
        ➜ Explicit dependency on target 'Firebase_FirebaseAuth' in project 'Firebase'
        ➜ Explicit dependency on target 'FirebaseAppCheckInterop' in project 'Firebase'
        ➜ Explicit dependency on target 'FirebaseAuthInterop' in project 'Firebase'
        ➜ Explicit dependency on target 'FirebaseAuthInternal' in project 'Firebase'
        ➜ Explicit dependency on target 'Firebase' in project 'Firebase'
        ➜ Explicit dependency on target 'FirebaseCoreInternal' in project 'Firebase'
        ➜ Explicit dependency on target 'FirebaseCore' in project 'Firebase'
        ➜ Explicit dependency on target 'FirebaseCoreExtension' in project 'Firebase'
        ➜ Explicit dependency on target 'RecaptchaInterop' in project 'InteropForGoogle'
        ➜ Explicit dependency on target 'GULNSData' in project 'GoogleUtilities'
        ➜ Explicit dependency on target 'GULEnvironment' in project 'GoogleUtilities'
        ➜ Explicit dependency on target 'GULLogger' in project 'GoogleUtilities'
        ➜ Explicit dependency on target 'GULAppDelegateSwizzler' in project 'GoogleUtilities'
        ➜ Explicit dependency on target 'GTMSessionFetcherCore' in project 'GTMSessionFetcher'
    Target 'GULAppDelegateSwizzler' in project 'GoogleUtilities'
        ➜ Explicit dependency on target 'GoogleUtilities-AppDelegateSwizzler' in project 'GoogleUtilities'
        ➜ Explicit dependency on target 'GoogleUtilities_GoogleUtilities-AppDelegateSwizzler' in project 'GoogleUtilities'
        ➜ Explicit dependency on target 'third-party-IsAppEncrypted' in project 'GoogleUtilities'
        ➜ Explicit dependency on target 'GoogleUtilities-Environment' in project 'GoogleUtilities'
        ➜ Explicit dependency on target 'GoogleUtilities-Logger' in project 'GoogleUtilities'
        ➜ Explicit dependency on target 'GoogleUtilities-NSData' in project 'GoogleUtilities'
        ➜ Explicit dependency on target 'GoogleUtilities-Reachability' in project 'GoogleUtilities'
        ➜ Explicit dependency on target 'GoogleUtilities-Network' in project 'GoogleUtilities'
    Target 'GoogleUtilities-AppDelegateSwizzler' in project 'GoogleUtilities'
        ➜ Explicit dependency on target 'GoogleUtilities_GoogleUtilities-AppDelegateSwizzler' in project 'GoogleUtilities'
        ➜ Explicit dependency on target 'third-party-IsAppEncrypted' in project 'GoogleUtilities'
        ➜ Explicit dependency on target 'GoogleUtilities-Environment' in project 'GoogleUtilities'
        ➜ Explicit dependency on target 'GoogleUtilities-Logger' in project 'GoogleUtilities'
        ➜ Explicit dependency on target 'GoogleUtilities-NSData' in project 'GoogleUtilities'
        ➜ Explicit dependency on target 'GoogleUtilities-Reachability' in project 'GoogleUtilities'
        ➜ Explicit dependency on target 'GoogleUtilities-Network' in project 'GoogleUtilities'
    Target 'GoogleUtilities-Network' in project 'GoogleUtilities'
        ➜ Explicit dependency on target 'GoogleUtilities_GoogleUtilities-Network' in project 'GoogleUtilities'
        ➜ Explicit dependency on target 'third-party-IsAppEncrypted' in project 'GoogleUtilities'
        ➜ Explicit dependency on target 'GoogleUtilities-Environment' in project 'GoogleUtilities'
        ➜ Explicit dependency on target 'GoogleUtilities-Logger' in project 'GoogleUtilities'
        ➜ Explicit dependency on target 'GoogleUtilities-NSData' in project 'GoogleUtilities'
        ➜ Explicit dependency on target 'GoogleUtilities-Reachability' in project 'GoogleUtilities'
    Target 'GoogleUtilities_GoogleUtilities-Network' in project 'GoogleUtilities' (no dependencies)
    Target 'GoogleUtilities-Reachability' in project 'GoogleUtilities'
        ➜ Explicit dependency on target 'GoogleUtilities_GoogleUtilities-Reachability' in project 'GoogleUtilities'
        ➜ Explicit dependency on target 'third-party-IsAppEncrypted' in project 'GoogleUtilities'
        ➜ Explicit dependency on target 'GoogleUtilities-Environment' in project 'GoogleUtilities'
        ➜ Explicit dependency on target 'GoogleUtilities-Logger' in project 'GoogleUtilities'
    Target 'GoogleUtilities_GoogleUtilities-Reachability' in project 'GoogleUtilities' (no dependencies)
    Target 'GoogleUtilities_GoogleUtilities-AppDelegateSwizzler' in project 'GoogleUtilities' (no dependencies)
    Target 'FirebaseCoreExtension' in project 'Firebase'
        ➜ Explicit dependency on target 'Firebase_FirebaseCoreExtension' in project 'Firebase'
    Target 'Firebase_FirebaseCoreExtension' in project 'Firebase' (no dependencies)
    Target 'FirebaseCore' in project 'Firebase'
        ➜ Explicit dependency on target 'Firebase_FirebaseCore' in project 'Firebase'
        ➜ Explicit dependency on target 'Firebase' in project 'Firebase'
        ➜ Explicit dependency on target 'FirebaseCoreInternal' in project 'Firebase'
        ➜ Explicit dependency on target 'GULNSData' in project 'GoogleUtilities'
        ➜ Explicit dependency on target 'GULEnvironment' in project 'GoogleUtilities'
        ➜ Explicit dependency on target 'GULLogger' in project 'GoogleUtilities'
    Target 'GULLogger' in project 'GoogleUtilities'
        ➜ Explicit dependency on target 'GoogleUtilities-Logger' in project 'GoogleUtilities'
        ➜ Explicit dependency on target 'GoogleUtilities_GoogleUtilities-Logger' in project 'GoogleUtilities'
        ➜ Explicit dependency on target 'third-party-IsAppEncrypted' in project 'GoogleUtilities'
        ➜ Explicit dependency on target 'GoogleUtilities-Environment' in project 'GoogleUtilities'
    Target 'Firebase_FirebaseCore' in project 'Firebase' (no dependencies)
    Target 'FirebaseCoreInternal' in project 'Firebase'
        ➜ Explicit dependency on target 'Firebase_FirebaseCoreInternal' in project 'Firebase'
        ➜ Explicit dependency on target 'GULNSData' in project 'GoogleUtilities'
    Target 'GULNSData' in project 'GoogleUtilities'
        ➜ Explicit dependency on target 'GoogleUtilities-NSData' in project 'GoogleUtilities'
        ➜ Explicit dependency on target 'GoogleUtilities_GoogleUtilities-NSData' in project 'GoogleUtilities'
    Target 'GoogleUtilities-NSData' in project 'GoogleUtilities'
        ➜ Explicit dependency on target 'GoogleUtilities_GoogleUtilities-NSData' in project 'GoogleUtilities'
    Target 'GoogleUtilities_GoogleUtilities-NSData' in project 'GoogleUtilities' (no dependencies)
    Target 'Firebase_FirebaseCoreInternal' in project 'Firebase' (no dependencies)
    Target 'Firebase' in project 'Firebase' (no dependencies)
    Target 'FirebaseAuthInternal' in project 'Firebase'
        ➜ Explicit dependency on target 'RecaptchaInterop' in project 'InteropForGoogle'
    Target 'RecaptchaInterop' in project 'InteropForGoogle'
        ➜ Explicit dependency on target 'RecaptchaInterop' in project 'InteropForGoogle'
    Target 'RecaptchaInterop' in project 'InteropForGoogle' (no dependencies)
    Target 'FirebaseAuthInterop' in project 'Firebase' (no dependencies)
    Target 'FirebaseAppCheckInterop' in project 'Firebase' (no dependencies)
    Target 'Firebase_FirebaseAuth' in project 'Firebase' (no dependencies)
    Target 'GoogleSignInSwift' in project 'GoogleSignIn'
        ➜ Explicit dependency on target 'GoogleSignInSwift' in project 'GoogleSignIn'
        ➜ Explicit dependency on target 'GoogleSignIn_GoogleSignInSwift' in project 'GoogleSignIn'
        ➜ Explicit dependency on target 'GoogleSignIn' in project 'GoogleSignIn'
        ➜ Explicit dependency on target 'AppAuth' in project 'AppAuth'
        ➜ Explicit dependency on target 'AppAuthCore' in project 'AppAuth'
        ➜ Explicit dependency on target 'AppCheckCore' in project 'AppCheck'
        ➜ Explicit dependency on target 'GTMAppAuth' in project 'GTMAppAuth'
        ➜ Explicit dependency on target 'GTMSessionFetcherCore' in project 'GTMSessionFetcher'
    Target 'GoogleSignInSwift' in project 'GoogleSignIn'
        ➜ Explicit dependency on target 'GoogleSignIn_GoogleSignInSwift' in project 'GoogleSignIn'
        ➜ Explicit dependency on target 'GoogleSignIn' in project 'GoogleSignIn'
        ➜ Explicit dependency on target 'AppAuth' in project 'AppAuth'
        ➜ Explicit dependency on target 'AppAuthCore' in project 'AppAuth'
        ➜ Explicit dependency on target 'AppCheckCore' in project 'AppCheck'
        ➜ Explicit dependency on target 'GTMAppAuth' in project 'GTMAppAuth'
        ➜ Explicit dependency on target 'GTMSessionFetcherCore' in project 'GTMSessionFetcher'
    Target 'GoogleSignIn' in project 'GoogleSignIn'
        ➜ Explicit dependency on target 'GoogleSignIn_GoogleSignIn' in project 'GoogleSignIn'
        ➜ Explicit dependency on target 'AppAuth' in project 'AppAuth'
        ➜ Explicit dependency on target 'AppAuthCore' in project 'AppAuth'
        ➜ Explicit dependency on target 'AppCheckCore' in project 'AppCheck'
        ➜ Explicit dependency on target 'GTMAppAuth' in project 'GTMAppAuth'
        ➜ Explicit dependency on target 'GTMSessionFetcherCore' in project 'GTMSessionFetcher'
    Target 'GTMAppAuth' in project 'GTMAppAuth'
        ➜ Explicit dependency on target 'GTMAppAuth' in project 'GTMAppAuth'
        ➜ Explicit dependency on target 'GTMAppAuth_GTMAppAuth' in project 'GTMAppAuth'
        ➜ Explicit dependency on target 'GTMSessionFetcherCore' in project 'GTMSessionFetcher'
        ➜ Explicit dependency on target 'AppAuthCore' in project 'AppAuth'
    Target 'GTMAppAuth' in project 'GTMAppAuth'
        ➜ Explicit dependency on target 'GTMAppAuth_GTMAppAuth' in project 'GTMAppAuth'
        ➜ Explicit dependency on target 'GTMSessionFetcherCore' in project 'GTMSessionFetcher'
        ➜ Explicit dependency on target 'AppAuthCore' in project 'AppAuth'
    Target 'GTMSessionFetcherCore' in project 'GTMSessionFetcher'
        ➜ Explicit dependency on target 'GTMSessionFetcherCore' in project 'GTMSessionFetcher'
        ➜ Explicit dependency on target 'GTMSessionFetcher_GTMSessionFetcherCore' in project 'GTMSessionFetcher'
    Target 'GTMSessionFetcherCore' in project 'GTMSessionFetcher'
        ➜ Explicit dependency on target 'GTMSessionFetcher_GTMSessionFetcherCore' in project 'GTMSessionFetcher'
    Target 'GTMSessionFetcher_GTMSessionFetcherCore' in project 'GTMSessionFetcher' (no dependencies)
    Target 'GTMAppAuth_GTMAppAuth' in project 'GTMAppAuth' (no dependencies)
    Target 'AppCheckCore' in project 'AppCheck'
        ➜ Explicit dependency on target 'AppCheckCore' in project 'AppCheck'
        ➜ Explicit dependency on target 'FBLPromises' in project 'Promises'
        ➜ Explicit dependency on target 'GULEnvironment' in project 'GoogleUtilities'
        ➜ Explicit dependency on target 'GULUserDefaults' in project 'GoogleUtilities'
    Target 'AppCheckCore' in project 'AppCheck'
        ➜ Explicit dependency on target 'FBLPromises' in project 'Promises'
        ➜ Explicit dependency on target 'GULEnvironment' in project 'GoogleUtilities'
        ➜ Explicit dependency on target 'GULUserDefaults' in project 'GoogleUtilities'
    Target 'GULUserDefaults' in project 'GoogleUtilities'
        ➜ Explicit dependency on target 'GoogleUtilities-UserDefaults' in project 'GoogleUtilities'
        ➜ Explicit dependency on target 'GoogleUtilities_GoogleUtilities-UserDefaults' in project 'GoogleUtilities'
        ➜ Explicit dependency on target 'third-party-IsAppEncrypted' in project 'GoogleUtilities'
        ➜ Explicit dependency on target 'GoogleUtilities-Environment' in project 'GoogleUtilities'
        ➜ Explicit dependency on target 'GoogleUtilities-Logger' in project 'GoogleUtilities'
    Target 'GoogleUtilities-UserDefaults' in project 'GoogleUtilities'
        ➜ Explicit dependency on target 'GoogleUtilities_GoogleUtilities-UserDefaults' in project 'GoogleUtilities'
        ➜ Explicit dependency on target 'third-party-IsAppEncrypted' in project 'GoogleUtilities'
        ➜ Explicit dependency on target 'GoogleUtilities-Environment' in project 'GoogleUtilities'
        ➜ Explicit dependency on target 'GoogleUtilities-Logger' in project 'GoogleUtilities'
    Target 'GoogleUtilities-Logger' in project 'GoogleUtilities'
        ➜ Explicit dependency on target 'GoogleUtilities_GoogleUtilities-Logger' in project 'GoogleUtilities'
        ➜ Explicit dependency on target 'third-party-IsAppEncrypted' in project 'GoogleUtilities'
        ➜ Explicit dependency on target 'GoogleUtilities-Environment' in project 'GoogleUtilities'
    Target 'GoogleUtilities_GoogleUtilities-Logger' in project 'GoogleUtilities' (no dependencies)
    Target 'GoogleUtilities_GoogleUtilities-UserDefaults' in project 'GoogleUtilities' (no dependencies)
    Target 'GULEnvironment' in project 'GoogleUtilities'
        ➜ Explicit dependency on target 'GoogleUtilities-Environment' in project 'GoogleUtilities'
        ➜ Explicit dependency on target 'GoogleUtilities_GoogleUtilities-Environment' in project 'GoogleUtilities'
        ➜ Explicit dependency on target 'third-party-IsAppEncrypted' in project 'GoogleUtilities'
    Target 'GoogleUtilities-Environment' in project 'GoogleUtilities'
        ➜ Explicit dependency on target 'GoogleUtilities_GoogleUtilities-Environment' in project 'GoogleUtilities'
        ➜ Explicit dependency on target 'third-party-IsAppEncrypted' in project 'GoogleUtilities'
    Target 'third-party-IsAppEncrypted' in project 'GoogleUtilities' (no dependencies)
    Target 'GoogleUtilities_GoogleUtilities-Environment' in project 'GoogleUtilities' (no dependencies)
    Target 'FBLPromises' in project 'Promises'
        ➜ Explicit dependency on target 'FBLPromises' in project 'Promises'
        ➜ Explicit dependency on target 'Promises_FBLPromises' in project 'Promises'
    Target 'FBLPromises' in project 'Promises'
        ➜ Explicit dependency on target 'Promises_FBLPromises' in project 'Promises'
    Target 'Promises_FBLPromises' in project 'Promises' (no dependencies)
    Target 'AppAuthCore' in project 'AppAuth'
        ➜ Explicit dependency on target 'AppAuthCore' in project 'AppAuth'
        ➜ Explicit dependency on target 'AppAuth_AppAuthCore' in project 'AppAuth'
    Target 'AppAuth' in project 'AppAuth'
        ➜ Explicit dependency on target 'AppAuth' in project 'AppAuth'
        ➜ Explicit dependency on target 'AppAuth_AppAuth' in project 'AppAuth'
        ➜ Explicit dependency on target 'AppAuthCore' in project 'AppAuth'
    Target 'AppAuth' in project 'AppAuth'
        ➜ Explicit dependency on target 'AppAuth_AppAuth' in project 'AppAuth'
        ➜ Explicit dependency on target 'AppAuthCore' in project 'AppAuth'
    Target 'AppAuthCore' in project 'AppAuth'
        ➜ Explicit dependency on target 'AppAuth_AppAuthCore' in project 'AppAuth'
    Target 'AppAuth_AppAuthCore' in project 'AppAuth' (no dependencies)
    Target 'AppAuth_AppAuth' in project 'AppAuth' (no dependencies)
    Target 'GoogleSignIn_GoogleSignIn' in project 'GoogleSignIn' (no dependencies)
    Target 'GoogleSignIn_GoogleSignInSwift' in project 'GoogleSignIn' (no dependencies)

GatherProvisioningInputs

CreateBuildDescription

ExecuteExternalTool /Applications/Xcode.app/Contents/Developer/Toolchains/XcodeDefault.xctoolchain/usr/bin/clang -v -E -dM -arch arm64 -isysroot /Applications/Xcode.app/Contents/Developer/Platforms/iPhoneSimulator.platform/Developer/SDKs/iPhoneSimulator26.2.sdk -x objective-c -c /dev/null

ExecuteExternalTool /Applications/Xcode.app/Contents/Developer/Toolchains/XcodeDefault.xctoolchain/usr/bin/swiftc --version

ExecuteExternalTool /Applications/Xcode.app/Contents/Developer/Toolchains/XcodeDefault.xctoolchain/usr/bin/clang -v -E -dM -isysroot /Applications/Xcode.app/Contents/Developer/Platforms/iPhoneSimulator.platform/Developer/SDKs/iPhoneSimulator26.2.sdk -x c -c /dev/null

ExecuteExternalTool /Applications/Xcode.app/Contents/Developer/usr/bin/actool --print-asset-tag-combinations --output-format xml1 /Users/kylegraham/Downloads/pf/Pump Fitness/Assets.xcassets

ExecuteExternalTool /Applications/Xcode.app/Contents/Developer/Toolchains/XcodeDefault.xctoolchain/usr/bin/clang -v -E -dM -arch arm64 -isysroot /Applications/Xcode.app/Contents/Developer/Platforms/iPhoneSimulator.platform/Developer/SDKs/iPhoneSimulator26.2.sdk -x c -c /dev/null

ExecuteExternalTool /Applications/Xcode.app/Contents/Developer/usr/bin/actool --version --output-format xml1

ExecuteExternalTool /Applications/Xcode.app/Contents/Developer/Toolchains/XcodeDefault.xctoolchain/usr/bin/ld -version_details

ExecuteExternalTool /Applications/Xcode.app/Contents/Developer/Toolchains/XcodeDefault.xctoolchain/usr/bin/clang -v -E -dM -arch arm64 -isysroot /Applications/Xcode.app/Contents/Developer/Platforms/iPhoneSimulator.platform/Developer/SDKs/iPhoneSimulator26.2.sdk -x c++ -c /dev/null

Build description signature: 52128dd00294e439384b274056327397
Build description path: /Users/kylegraham/Library/Developer/Xcode/DerivedData/Pump_Fitness-efccckiqzmbgbrcqrxtezlairxsx/Build/Intermediates.noindex/XCBuildData/52128dd00294e439384b274056327397.xcbuilddata
ClangStatCache /Applications/Xcode.app/Contents/Developer/Toolchains/XcodeDefault.xctoolchain/usr/bin/clang-stat-cache /Applications/Xcode.app/Contents/Developer/Platforms/iPhoneSimulator.platform/Developer/SDKs/iPhoneSimulator26.2.sdk /Users/kylegraham/Library/Developer/Xcode/DerivedData/SDKStatCaches.noindex/iphonesimulator26.2-23C57-7d00a8b37fbd7999ea79df8ebc024bf0.sdkstatcache
    cd /Users/kylegraham/Downloads/pf/Pump\ Fitness.xcodeproj
    /Applications/Xcode.app/Contents/Developer/Toolchains/XcodeDefault.xctoolchain/usr/bin/clang-stat-cache /Applications/Xcode.app/Contents/Developer/Platforms/iPhoneSimulator.platform/Developer/SDKs/iPhoneSimulator26.2.sdk -o /Users/kylegraham/Library/Developer/Xcode/DerivedData/SDKStatCaches.noindex/iphonesimulator26.2-23C57-7d00a8b37fbd7999ea79df8ebc024bf0.sdkstatcache

ProcessInfoPlistFile /Users/kylegraham/Library/Developer/Xcode/DerivedData/Pump_Fitness-efccckiqzmbgbrcqrxtezlairxsx/Build/Products/Debug-iphonesimulator/nanopb_nanopb.bundle/Info.plist /Users/kylegraham/Library/Developer/Xcode/DerivedData/Pump_Fitness-efccckiqzmbgbrcqrxtezlairxsx/Build/Intermediates.noindex/nanopb.build/Debug-iphonesimulator/nanopb_nanopb.build/empty-nanopb_nanopb.plist (in target 'nanopb_nanopb' from project 'nanopb')
    cd /Users/kylegraham/Library/Developer/Xcode/DerivedData/Pump_Fitness-efccckiqzmbgbrcqrxtezlairxsx/SourcePackages/checkouts/nanopb
    builtin-infoPlistUtility /Users/kylegraham/Library/Developer/Xcode/DerivedData/Pump_Fitness-efccckiqzmbgbrcqrxtezlairxsx/Build/Intermediates.noindex/nanopb.build/Debug-iphonesimulator/nanopb_nanopb.build/empty-nanopb_nanopb.plist -producttype com.apple.product-type.bundle -expandbuildsettings -format binary -platform iphonesimulator -o /Users/kylegraham/Library/Developer/Xcode/DerivedData/Pump_Fitness-efccckiqzmbgbrcqrxtezlairxsx/Build/Products/Debug-iphonesimulator/nanopb_nanopb.bundle/Info.plist

ProcessInfoPlistFile /Users/kylegraham/Library/Developer/Xcode/DerivedData/Pump_Fitness-efccckiqzmbgbrcqrxtezlairxsx/Build/Products/Debug-iphonesimulator/leveldb_leveldb.bundle/Info.plist /Users/kylegraham/Library/Developer/Xcode/DerivedData/Pump_Fitness-efccckiqzmbgbrcqrxtezlairxsx/Build/Intermediates.noindex/leveldb.build/Debug-iphonesimulator/leveldb_leveldb.build/empty-leveldb_leveldb.plist (in target 'leveldb_leveldb' from project 'leveldb')
    cd /Users/kylegraham/Library/Developer/Xcode/DerivedData/Pump_Fitness-efccckiqzmbgbrcqrxtezlairxsx/SourcePackages/checkouts/leveldb
    builtin-infoPlistUtility /Users/kylegraham/Library/Developer/Xcode/DerivedData/Pump_Fitness-efccckiqzmbgbrcqrxtezlairxsx/Build/Intermediates.noindex/leveldb.build/Debug-iphonesimulator/leveldb_leveldb.build/empty-leveldb_leveldb.plist -producttype com.apple.product-type.bundle -expandbuildsettings -format binary -platform iphonesimulator -o /Users/kylegraham/Library/Developer/Xcode/DerivedData/Pump_Fitness-efccckiqzmbgbrcqrxtezlairxsx/Build/Products/Debug-iphonesimulator/leveldb_leveldb.bundle/Info.plist

ProcessInfoPlistFile /Users/kylegraham/Library/Developer/Xcode/DerivedData/Pump_Fitness-efccckiqzmbgbrcqrxtezlairxsx/Build/Products/Debug-iphonesimulator/abseil_abslWrapper.bundle/Info.plist /Users/kylegraham/Library/Developer/Xcode/DerivedData/Pump_Fitness-efccckiqzmbgbrcqrxtezlairxsx/Build/Intermediates.noindex/abseil.build/Debug-iphonesimulator/abseil_abslWrapper.build/empty-abseil_abslWrapper.plist (in target 'abseil_abslWrapper' from project 'abseil')
    cd /Users/kylegraham/Library/Developer/Xcode/DerivedData/Pump_Fitness-efccckiqzmbgbrcqrxtezlairxsx/SourcePackages/checkouts/abseil-cpp-binary
    builtin-infoPlistUtility /Users/kylegraham/Library/Developer/Xcode/DerivedData/Pump_Fitness-efccckiqzmbgbrcqrxtezlairxsx/Build/Intermediates.noindex/abseil.build/Debug-iphonesimulator/abseil_abslWrapper.build/empty-abseil_abslWrapper.plist -producttype com.apple.product-type.bundle -expandbuildsettings -format binary -platform iphonesimulator -o /Users/kylegraham/Library/Developer/Xcode/DerivedData/Pump_Fitness-efccckiqzmbgbrcqrxtezlairxsx/Build/Products/Debug-iphonesimulator/abseil_abslWrapper.bundle/Info.plist

ProcessInfoPlistFile /Users/kylegraham/Library/Developer/Xcode/DerivedData/Pump_Fitness-efccckiqzmbgbrcqrxtezlairxsx/Build/Products/Debug-iphonesimulator/Promises_FBLPromises.bundle/Info.plist /Users/kylegraham/Library/Developer/Xcode/DerivedData/Pump_Fitness-efccckiqzmbgbrcqrxtezlairxsx/Build/Intermediates.noindex/Promises.build/Debug-iphonesimulator/Promises_FBLPromises.build/empty-Promises_FBLPromises.plist (in target 'Promises_FBLPromises' from project 'Promises')
    cd /Users/kylegraham/Library/Developer/Xcode/DerivedData/Pump_Fitness-efccckiqzmbgbrcqrxtezlairxsx/SourcePackages/checkouts/promises
    builtin-infoPlistUtility /Users/kylegraham/Library/Developer/Xcode/DerivedData/Pump_Fitness-efccckiqzmbgbrcqrxtezlairxsx/Build/Intermediates.noindex/Promises.build/Debug-iphonesimulator/Promises_FBLPromises.build/empty-Promises_FBLPromises.plist -producttype com.apple.product-type.bundle -expandbuildsettings -format binary -platform iphonesimulator -o /Users/kylegraham/Library/Developer/Xcode/DerivedData/Pump_Fitness-efccckiqzmbgbrcqrxtezlairxsx/Build/Products/Debug-iphonesimulator/Promises_FBLPromises.bundle/Info.plist

ProcessInfoPlistFile /Users/kylegraham/Library/Developer/Xcode/DerivedData/Pump_Fitness-efccckiqzmbgbrcqrxtezlairxsx/Build/Products/Debug-iphonesimulator/GoogleUtilities_GoogleUtilities-UserDefaults.bundle/Info.plist /Users/kylegraham/Library/Developer/Xcode/DerivedData/Pump_Fitness-efccckiqzmbgbrcqrxtezlairxsx/Build/Intermediates.noindex/GoogleUtilities.build/Debug-iphonesimulator/GoogleUtilities_GoogleUtilities-UserDefaults.build/empty-GoogleUtilities_GoogleUtilities-UserDefaults.plist (in target 'GoogleUtilities_GoogleUtilities-UserDefaults' from project 'GoogleUtilities')
    cd /Users/kylegraham/Library/Developer/Xcode/DerivedData/Pump_Fitness-efccckiqzmbgbrcqrxtezlairxsx/SourcePackages/checkouts/GoogleUtilities
    builtin-infoPlistUtility /Users/kylegraham/Library/Developer/Xcode/DerivedData/Pump_Fitness-efccckiqzmbgbrcqrxtezlairxsx/Build/Intermediates.noindex/GoogleUtilities.build/Debug-iphonesimulator/GoogleUtilities_GoogleUtilities-UserDefaults.build/empty-GoogleUtilities_GoogleUtilities-UserDefaults.plist -producttype com.apple.product-type.bundle -expandbuildsettings -format binary -platform iphonesimulator -o /Users/kylegraham/Library/Developer/Xcode/DerivedData/Pump_Fitness-efccckiqzmbgbrcqrxtezlairxsx/Build/Products/Debug-iphonesimulator/GoogleUtilities_GoogleUtilities-UserDefaults.bundle/Info.plist

ProcessInfoPlistFile /Users/kylegraham/Library/Developer/Xcode/DerivedData/Pump_Fitness-efccckiqzmbgbrcqrxtezlairxsx/Build/Products/Debug-iphonesimulator/GoogleUtilities_GoogleUtilities-AppDelegateSwizzler.bundle/Info.plist /Users/kylegraham/Library/Developer/Xcode/DerivedData/Pump_Fitness-efccckiqzmbgbrcqrxtezlairxsx/Build/Intermediates.noindex/GoogleUtilities.build/Debug-iphonesimulator/GoogleUtilities_GoogleUtilities-AppDelegateSwizzler.build/empty-GoogleUtilities_GoogleUtilities-AppDelegateSwizzler.plist (in target 'GoogleUtilities_GoogleUtilities-AppDelegateSwizzler' from project 'GoogleUtilities')
    cd /Users/kylegraham/Library/Developer/Xcode/DerivedData/Pump_Fitness-efccckiqzmbgbrcqrxtezlairxsx/SourcePackages/checkouts/GoogleUtilities
    builtin-infoPlistUtility /Users/kylegraham/Library/Developer/Xcode/DerivedData/Pump_Fitness-efccckiqzmbgbrcqrxtezlairxsx/Build/Intermediates.noindex/GoogleUtilities.build/Debug-iphonesimulator/GoogleUtilities_GoogleUtilities-AppDelegateSwizzler.build/empty-GoogleUtilities_GoogleUtilities-AppDelegateSwizzler.plist -producttype com.apple.product-type.bundle -expandbuildsettings -format binary -platform iphonesimulator -o /Users/kylegraham/Library/Developer/Xcode/DerivedData/Pump_Fitness-efccckiqzmbgbrcqrxtezlairxsx/Build/Products/Debug-iphonesimulator/GoogleUtilities_GoogleUtilities-AppDelegateSwizzler.bundle/Info.plist

ProcessInfoPlistFile /Users/kylegraham/Library/Developer/Xcode/DerivedData/Pump_Fitness-efccckiqzmbgbrcqrxtezlairxsx/Build/Products/Debug-iphonesimulator/GoogleUtilities_GoogleUtilities-Environment.bundle/Info.plist /Users/kylegraham/Library/Developer/Xcode/DerivedData/Pump_Fitness-efccckiqzmbgbrcqrxtezlairxsx/Build/Intermediates.noindex/GoogleUtilities.build/Debug-iphonesimulator/GoogleUtilities_GoogleUtilities-Environment.build/empty-GoogleUtilities_GoogleUtilities-Environment.plist (in target 'GoogleUtilities_GoogleUtilities-Environment' from project 'GoogleUtilities')
    cd /Users/kylegraham/Library/Developer/Xcode/DerivedData/Pump_Fitness-efccckiqzmbgbrcqrxtezlairxsx/SourcePackages/checkouts/GoogleUtilities
    builtin-infoPlistUtility /Users/kylegraham/Library/Developer/Xcode/DerivedData/Pump_Fitness-efccckiqzmbgbrcqrxtezlairxsx/Build/Intermediates.noindex/GoogleUtilities.build/Debug-iphonesimulator/GoogleUtilities_GoogleUtilities-Environment.build/empty-GoogleUtilities_GoogleUtilities-Environment.plist -producttype com.apple.product-type.bundle -expandbuildsettings -format binary -platform iphonesimulator -o /Users/kylegraham/Library/Developer/Xcode/DerivedData/Pump_Fitness-efccckiqzmbgbrcqrxtezlairxsx/Build/Products/Debug-iphonesimulator/GoogleUtilities_GoogleUtilities-Environment.bundle/Info.plist

ProcessInfoPlistFile /Users/kylegraham/Library/Developer/Xcode/DerivedData/Pump_Fitness-efccckiqzmbgbrcqrxtezlairxsx/Build/Products/Debug-iphonesimulator/GoogleSignIn_GoogleSignInSwift.bundle/Info.plist /Users/kylegraham/Library/Developer/Xcode/DerivedData/Pump_Fitness-efccckiqzmbgbrcqrxtezlairxsx/Build/Intermediates.noindex/GoogleSignIn.build/Debug-iphonesimulator/GoogleSignIn_GoogleSignInSwift.build/empty-GoogleSignIn_GoogleSignInSwift.plist (in target 'GoogleSignIn_GoogleSignInSwift' from project 'GoogleSignIn')
    cd /Users/kylegraham/Library/Developer/Xcode/DerivedData/Pump_Fitness-efccckiqzmbgbrcqrxtezlairxsx/SourcePackages/checkouts/GoogleSignIn-iOS
    builtin-infoPlistUtility /Users/kylegraham/Library/Developer/Xcode/DerivedData/Pump_Fitness-efccckiqzmbgbrcqrxtezlairxsx/Build/Intermediates.noindex/GoogleSignIn.build/Debug-iphonesimulator/GoogleSignIn_GoogleSignInSwift.build/empty-GoogleSignIn_GoogleSignInSwift.plist -producttype com.apple.product-type.bundle -expandbuildsettings -format binary -platform iphonesimulator -o /Users/kylegraham/Library/Developer/Xcode/DerivedData/Pump_Fitness-efccckiqzmbgbrcqrxtezlairxsx/Build/Products/Debug-iphonesimulator/GoogleSignIn_GoogleSignInSwift.bundle/Info.plist

ProcessInfoPlistFile /Users/kylegraham/Library/Developer/Xcode/DerivedData/Pump_Fitness-efccckiqzmbgbrcqrxtezlairxsx/Build/Products/Debug-iphonesimulator/GoogleSignIn_GoogleSignIn.bundle/Info.plist /Users/kylegraham/Library/Developer/Xcode/DerivedData/Pump_Fitness-efccckiqzmbgbrcqrxtezlairxsx/Build/Intermediates.noindex/GoogleSignIn.build/Debug-iphonesimulator/GoogleSignIn_GoogleSignIn.build/empty-GoogleSignIn_GoogleSignIn.plist (in target 'GoogleSignIn_GoogleSignIn' from project 'GoogleSignIn')
    cd /Users/kylegraham/Library/Developer/Xcode/DerivedData/Pump_Fitness-efccckiqzmbgbrcqrxtezlairxsx/SourcePackages/checkouts/GoogleSignIn-iOS
    builtin-infoPlistUtility /Users/kylegraham/Library/Developer/Xcode/DerivedData/Pump_Fitness-efccckiqzmbgbrcqrxtezlairxsx/Build/Intermediates.noindex/GoogleSignIn.build/Debug-iphonesimulator/GoogleSignIn_GoogleSignIn.build/empty-GoogleSignIn_GoogleSignIn.plist -producttype com.apple.product-type.bundle -expandbuildsettings -format binary -platform iphonesimulator -o /Users/kylegraham/Library/Developer/Xcode/DerivedData/Pump_Fitness-efccckiqzmbgbrcqrxtezlairxsx/Build/Products/Debug-iphonesimulator/GoogleSignIn_GoogleSignIn.bundle/Info.plist

ProcessInfoPlistFile /Users/kylegraham/Library/Developer/Xcode/DerivedData/Pump_Fitness-efccckiqzmbgbrcqrxtezlairxsx/Build/Products/Debug-iphonesimulator/GTMSessionFetcher_GTMSessionFetcherCore.bundle/Info.plist /Users/kylegraham/Library/Developer/Xcode/DerivedData/Pump_Fitness-efccckiqzmbgbrcqrxtezlairxsx/Build/Intermediates.noindex/GTMSessionFetcher.build/Debug-iphonesimulator/GTMSessionFetcher_GTMSessionFetcherCore.build/empty-GTMSessionFetcher_GTMSessionFetcherCore.plist (in target 'GTMSessionFetcher_GTMSessionFetcherCore' from project 'GTMSessionFetcher')
    cd /Users/kylegraham/Library/Developer/Xcode/DerivedData/Pump_Fitness-efccckiqzmbgbrcqrxtezlairxsx/SourcePackages/checkouts/gtm-session-fetcher
    builtin-infoPlistUtility /Users/kylegraham/Library/Developer/Xcode/DerivedData/Pump_Fitness-efccckiqzmbgbrcqrxtezlairxsx/Build/Intermediates.noindex/GTMSessionFetcher.build/Debug-iphonesimulator/GTMSessionFetcher_GTMSessionFetcherCore.build/empty-GTMSessionFetcher_GTMSessionFetcherCore.plist -producttype com.apple.product-type.bundle -expandbuildsettings -format binary -platform iphonesimulator -o /Users/kylegraham/Library/Developer/Xcode/DerivedData/Pump_Fitness-efccckiqzmbgbrcqrxtezlairxsx/Build/Products/Debug-iphonesimulator/GTMSessionFetcher_GTMSessionFetcherCore.bundle/Info.plist

ProcessInfoPlistFile /Users/kylegraham/Library/Developer/Xcode/DerivedData/Pump_Fitness-efccckiqzmbgbrcqrxtezlairxsx/Build/Products/Debug-iphonesimulator/GTMAppAuth_GTMAppAuth.bundle/Info.plist /Users/kylegraham/Library/Developer/Xcode/DerivedData/Pump_Fitness-efccckiqzmbgbrcqrxtezlairxsx/Build/Intermediates.noindex/GTMAppAuth.build/Debug-iphonesimulator/GTMAppAuth_GTMAppAuth.build/empty-GTMAppAuth_GTMAppAuth.plist (in target 'GTMAppAuth_GTMAppAuth' from project 'GTMAppAuth')
    cd /Users/kylegraham/Library/Developer/Xcode/DerivedData/Pump_Fitness-efccckiqzmbgbrcqrxtezlairxsx/SourcePackages/checkouts/GTMAppAuth
    builtin-infoPlistUtility /Users/kylegraham/Library/Developer/Xcode/DerivedData/Pump_Fitness-efccckiqzmbgbrcqrxtezlairxsx/Build/Intermediates.noindex/GTMAppAuth.build/Debug-iphonesimulator/GTMAppAuth_GTMAppAuth.build/empty-GTMAppAuth_GTMAppAuth.plist -producttype com.apple.product-type.bundle -expandbuildsettings -format binary -platform iphonesimulator -o /Users/kylegraham/Library/Developer/Xcode/DerivedData/Pump_Fitness-efccckiqzmbgbrcqrxtezlairxsx/Build/Products/Debug-iphonesimulator/GTMAppAuth_GTMAppAuth.bundle/Info.plist

ProcessInfoPlistFile /Users/kylegraham/Library/Developer/Xcode/DerivedData/Pump_Fitness-efccckiqzmbgbrcqrxtezlairxsx/Build/Products/Debug-iphonesimulator/Firebase_FirebaseAuth.bundle/Info.plist /Users/kylegraham/Library/Developer/Xcode/DerivedData/Pump_Fitness-efccckiqzmbgbrcqrxtezlairxsx/Build/Intermediates.noindex/Firebase.build/Debug-iphonesimulator/Firebase_FirebaseAuth.build/empty-Firebase_FirebaseAuth.plist (in target 'Firebase_FirebaseAuth' from project 'Firebase')
    cd /Users/kylegraham/Library/Developer/Xcode/DerivedData/Pump_Fitness-efccckiqzmbgbrcqrxtezlairxsx/SourcePackages/checkouts/firebase-ios-sdk
    builtin-infoPlistUtility /Users/kylegraham/Library/Developer/Xcode/DerivedData/Pump_Fitness-efccckiqzmbgbrcqrxtezlairxsx/Build/Intermediates.noindex/Firebase.build/Debug-iphonesimulator/Firebase_FirebaseAuth.build/empty-Firebase_FirebaseAuth.plist -producttype com.apple.product-type.bundle -expandbuildsettings -format binary -platform iphonesimulator -o /Users/kylegraham/Library/Developer/Xcode/DerivedData/Pump_Fitness-efccckiqzmbgbrcqrxtezlairxsx/Build/Products/Debug-iphonesimulator/Firebase_FirebaseAuth.bundle/Info.plist

ProcessInfoPlistFile /Users/kylegraham/Library/Developer/Xcode/DerivedData/Pump_Fitness-efccckiqzmbgbrcqrxtezlairxsx/Build/Products/Debug-iphonesimulator/GoogleUtilities_GoogleUtilities-Logger.bundle/Info.plist /Users/kylegraham/Library/Developer/Xcode/DerivedData/Pump_Fitness-efccckiqzmbgbrcqrxtezlairxsx/Build/Intermediates.noindex/GoogleUtilities.build/Debug-iphonesimulator/GoogleUtilities_GoogleUtilities-Logger.build/empty-GoogleUtilities_GoogleUtilities-Logger.plist (in target 'GoogleUtilities_GoogleUtilities-Logger' from project 'GoogleUtilities')
    cd /Users/kylegraham/Library/Developer/Xcode/DerivedData/Pump_Fitness-efccckiqzmbgbrcqrxtezlairxsx/SourcePackages/checkouts/GoogleUtilities
    builtin-infoPlistUtility /Users/kylegraham/Library/Developer/Xcode/DerivedData/Pump_Fitness-efccckiqzmbgbrcqrxtezlairxsx/Build/Intermediates.noindex/GoogleUtilities.build/Debug-iphonesimulator/GoogleUtilities_GoogleUtilities-Logger.build/empty-GoogleUtilities_GoogleUtilities-Logger.plist -producttype com.apple.product-type.bundle -expandbuildsettings -format binary -platform iphonesimulator -o /Users/kylegraham/Library/Developer/Xcode/DerivedData/Pump_Fitness-efccckiqzmbgbrcqrxtezlairxsx/Build/Products/Debug-iphonesimulator/GoogleUtilities_GoogleUtilities-Logger.bundle/Info.plist

ProcessInfoPlistFile /Users/kylegraham/Library/Developer/Xcode/DerivedData/Pump_Fitness-efccckiqzmbgbrcqrxtezlairxsx/Build/Products/Debug-iphonesimulator/GoogleUtilities_GoogleUtilities-NSData.bundle/Info.plist /Users/kylegraham/Library/Developer/Xcode/DerivedData/Pump_Fitness-efccckiqzmbgbrcqrxtezlairxsx/Build/Intermediates.noindex/GoogleUtilities.build/Debug-iphonesimulator/GoogleUtilities_GoogleUtilities-NSData.build/empty-GoogleUtilities_GoogleUtilities-NSData.plist (in target 'GoogleUtilities_GoogleUtilities-NSData' from project 'GoogleUtilities')
    cd /Users/kylegraham/Library/Developer/Xcode/DerivedData/Pump_Fitness-efccckiqzmbgbrcqrxtezlairxsx/SourcePackages/checkouts/GoogleUtilities
    builtin-infoPlistUtility /Users/kylegraham/Library/Developer/Xcode/DerivedData/Pump_Fitness-efccckiqzmbgbrcqrxtezlairxsx/Build/Intermediates.noindex/GoogleUtilities.build/Debug-iphonesimulator/GoogleUtilities_GoogleUtilities-NSData.build/empty-GoogleUtilities_GoogleUtilities-NSData.plist -producttype com.apple.product-type.bundle -expandbuildsettings -format binary -platform iphonesimulator -o /Users/kylegraham/Library/Developer/Xcode/DerivedData/Pump_Fitness-efccckiqzmbgbrcqrxtezlairxsx/Build/Products/Debug-iphonesimulator/GoogleUtilities_GoogleUtilities-NSData.bundle/Info.plist

ProcessInfoPlistFile /Users/kylegraham/Library/Developer/Xcode/DerivedData/Pump_Fitness-efccckiqzmbgbrcqrxtezlairxsx/Build/Products/Debug-iphonesimulator/AppAuth_AppAuthCore.bundle/Info.plist /Users/kylegraham/Library/Developer/Xcode/DerivedData/Pump_Fitness-efccckiqzmbgbrcqrxtezlairxsx/Build/Intermediates.noindex/AppAuth.build/Debug-iphonesimulator/AppAuth_AppAuthCore.build/empty-AppAuth_AppAuthCore.plist (in target 'AppAuth_AppAuthCore' from project 'AppAuth')
    cd /Users/kylegraham/Library/Developer/Xcode/DerivedData/Pump_Fitness-efccckiqzmbgbrcqrxtezlairxsx/SourcePackages/checkouts/AppAuth-iOS
    builtin-infoPlistUtility /Users/kylegraham/Library/Developer/Xcode/DerivedData/Pump_Fitness-efccckiqzmbgbrcqrxtezlairxsx/Build/Intermediates.noindex/AppAuth.build/Debug-iphonesimulator/AppAuth_AppAuthCore.build/empty-AppAuth_AppAuthCore.plist -producttype com.apple.product-type.bundle -expandbuildsettings -format binary -platform iphonesimulator -o /Users/kylegraham/Library/Developer/Xcode/DerivedData/Pump_Fitness-efccckiqzmbgbrcqrxtezlairxsx/Build/Products/Debug-iphonesimulator/AppAuth_AppAuthCore.bundle/Info.plist

ProcessInfoPlistFile /Users/kylegraham/Library/Developer/Xcode/DerivedData/Pump_Fitness-efccckiqzmbgbrcqrxtezlairxsx/Build/Products/Debug-iphonesimulator/AppAuth_AppAuth.bundle/Info.plist /Users/kylegraham/Library/Developer/Xcode/DerivedData/Pump_Fitness-efccckiqzmbgbrcqrxtezlairxsx/Build/Intermediates.noindex/AppAuth.build/Debug-iphonesimulator/AppAuth_AppAuth.build/empty-AppAuth_AppAuth.plist (in target 'AppAuth_AppAuth' from project 'AppAuth')
    cd /Users/kylegraham/Library/Developer/Xcode/DerivedData/Pump_Fitness-efccckiqzmbgbrcqrxtezlairxsx/SourcePackages/checkouts/AppAuth-iOS
    builtin-infoPlistUtility /Users/kylegraham/Library/Developer/Xcode/DerivedData/Pump_Fitness-efccckiqzmbgbrcqrxtezlairxsx/Build/Intermediates.noindex/AppAuth.build/Debug-iphonesimulator/AppAuth_AppAuth.build/empty-AppAuth_AppAuth.plist -producttype com.apple.product-type.bundle -expandbuildsettings -format binary -platform iphonesimulator -o /Users/kylegraham/Library/Developer/Xcode/DerivedData/Pump_Fitness-efccckiqzmbgbrcqrxtezlairxsx/Build/Products/Debug-iphonesimulator/AppAuth_AppAuth.bundle/Info.plist

ProcessInfoPlistFile /Users/kylegraham/Library/Developer/Xcode/DerivedData/Pump_Fitness-efccckiqzmbgbrcqrxtezlairxsx/Build/Products/Debug-iphonesimulator/gRPC_opensslWrapper.bundle/Info.plist /Users/kylegraham/Library/Developer/Xcode/DerivedData/Pump_Fitness-efccckiqzmbgbrcqrxtezlairxsx/Build/Intermediates.noindex/gRPC.build/Debug-iphonesimulator/gRPC_opensslWrapper.build/empty-gRPC_opensslWrapper.plist (in target 'gRPC_opensslWrapper' from project 'gRPC')
    cd /Users/kylegraham/Library/Developer/Xcode/DerivedData/Pump_Fitness-efccckiqzmbgbrcqrxtezlairxsx/SourcePackages/checkouts/grpc-binary
    builtin-infoPlistUtility /Users/kylegraham/Library/Developer/Xcode/DerivedData/Pump_Fitness-efccckiqzmbgbrcqrxtezlairxsx/Build/Intermediates.noindex/gRPC.build/Debug-iphonesimulator/gRPC_opensslWrapper.build/empty-gRPC_opensslWrapper.plist -producttype com.apple.product-type.bundle -expandbuildsettings -format binary -platform iphonesimulator -o /Users/kylegraham/Library/Developer/Xcode/DerivedData/Pump_Fitness-efccckiqzmbgbrcqrxtezlairxsx/Build/Products/Debug-iphonesimulator/gRPC_opensslWrapper.bundle/Info.plist

ProcessInfoPlistFile /Users/kylegraham/Library/Developer/Xcode/DerivedData/Pump_Fitness-efccckiqzmbgbrcqrxtezlairxsx/Build/Products/Debug-iphonesimulator/gRPC_grpcppWrapper.bundle/Info.plist /Users/kylegraham/Library/Developer/Xcode/DerivedData/Pump_Fitness-efccckiqzmbgbrcqrxtezlairxsx/Build/Intermediates.noindex/gRPC.build/Debug-iphonesimulator/gRPC_grpcppWrapper.build/empty-gRPC_grpcppWrapper.plist (in target 'gRPC_grpcppWrapper' from project 'gRPC')
    cd /Users/kylegraham/Library/Developer/Xcode/DerivedData/Pump_Fitness-efccckiqzmbgbrcqrxtezlairxsx/SourcePackages/checkouts/grpc-binary
    builtin-infoPlistUtility /Users/kylegraham/Library/Developer/Xcode/DerivedData/Pump_Fitness-efccckiqzmbgbrcqrxtezlairxsx/Build/Intermediates.noindex/gRPC.build/Debug-iphonesimulator/gRPC_grpcppWrapper.build/empty-gRPC_grpcppWrapper.plist -producttype com.apple.product-type.bundle -expandbuildsettings -format binary -platform iphonesimulator -o /Users/kylegraham/Library/Developer/Xcode/DerivedData/Pump_Fitness-efccckiqzmbgbrcqrxtezlairxsx/Build/Products/Debug-iphonesimulator/gRPC_grpcppWrapper.bundle/Info.plist

ProcessInfoPlistFile /Users/kylegraham/Library/Developer/Xcode/DerivedData/Pump_Fitness-efccckiqzmbgbrcqrxtezlairxsx/Build/Products/Debug-iphonesimulator/gRPC_grpcWrapper.bundle/Info.plist /Users/kylegraham/Library/Developer/Xcode/DerivedData/Pump_Fitness-efccckiqzmbgbrcqrxtezlairxsx/Build/Intermediates.noindex/gRPC.build/Debug-iphonesimulator/gRPC_grpcWrapper.build/empty-gRPC_grpcWrapper.plist (in target 'gRPC_grpcWrapper' from project 'gRPC')
    cd /Users/kylegraham/Library/Developer/Xcode/DerivedData/Pump_Fitness-efccckiqzmbgbrcqrxtezlairxsx/SourcePackages/checkouts/grpc-binary
    builtin-infoPlistUtility /Users/kylegraham/Library/Developer/Xcode/DerivedData/Pump_Fitness-efccckiqzmbgbrcqrxtezlairxsx/Build/Intermediates.noindex/gRPC.build/Debug-iphonesimulator/gRPC_grpcWrapper.build/empty-gRPC_grpcWrapper.plist -producttype com.apple.product-type.bundle -expandbuildsettings -format binary -platform iphonesimulator -o /Users/kylegraham/Library/Developer/Xcode/DerivedData/Pump_Fitness-efccckiqzmbgbrcqrxtezlairxsx/Build/Products/Debug-iphonesimulator/gRPC_grpcWrapper.bundle/Info.plist

ProcessInfoPlistFile /Users/kylegraham/Library/Developer/Xcode/DerivedData/Pump_Fitness-efccckiqzmbgbrcqrxtezlairxsx/Build/Products/Debug-iphonesimulator/GoogleUtilities_GoogleUtilities-Reachability.bundle/Info.plist /Users/kylegraham/Library/Developer/Xcode/DerivedData/Pump_Fitness-efccckiqzmbgbrcqrxtezlairxsx/Build/Intermediates.noindex/GoogleUtilities.build/Debug-iphonesimulator/GoogleUtilities_GoogleUtilities-Reachability.build/empty-GoogleUtilities_GoogleUtilities-Reachability.plist (in target 'GoogleUtilities_GoogleUtilities-Reachability' from project 'GoogleUtilities')
    cd /Users/kylegraham/Library/Developer/Xcode/DerivedData/Pump_Fitness-efccckiqzmbgbrcqrxtezlairxsx/SourcePackages/checkouts/GoogleUtilities
    builtin-infoPlistUtility /Users/kylegraham/Library/Developer/Xcode/DerivedData/Pump_Fitness-efccckiqzmbgbrcqrxtezlairxsx/Build/Intermediates.noindex/GoogleUtilities.build/Debug-iphonesimulator/GoogleUtilities_GoogleUtilities-Reachability.build/empty-GoogleUtilities_GoogleUtilities-Reachability.plist -producttype com.apple.product-type.bundle -expandbuildsettings -format binary -platform iphonesimulator -o /Users/kylegraham/Library/Developer/Xcode/DerivedData/Pump_Fitness-efccckiqzmbgbrcqrxtezlairxsx/Build/Products/Debug-iphonesimulator/GoogleUtilities_GoogleUtilities-Reachability.bundle/Info.plist

ProcessInfoPlistFile /Users/kylegraham/Library/Developer/Xcode/DerivedData/Pump_Fitness-efccckiqzmbgbrcqrxtezlairxsx/Build/Products/Debug-iphonesimulator/Firebase_FirebaseCoreExtension.bundle/Info.plist /Users/kylegraham/Library/Developer/Xcode/DerivedData/Pump_Fitness-efccckiqzmbgbrcqrxtezlairxsx/Build/Intermediates.noindex/Firebase.build/Debug-iphonesimulator/Firebase_FirebaseCoreExtension.build/empty-Firebase_FirebaseCoreExtension.plist (in target 'Firebase_FirebaseCoreExtension' from project 'Firebase')
    cd /Users/kylegraham/Library/Developer/Xcode/DerivedData/Pump_Fitness-efccckiqzmbgbrcqrxtezlairxsx/SourcePackages/checkouts/firebase-ios-sdk
    builtin-infoPlistUtility /Users/kylegraham/Library/Developer/Xcode/DerivedData/Pump_Fitness-efccckiqzmbgbrcqrxtezlairxsx/Build/Intermediates.noindex/Firebase.build/Debug-iphonesimulator/Firebase_FirebaseCoreExtension.build/empty-Firebase_FirebaseCoreExtension.plist -producttype com.apple.product-type.bundle -expandbuildsettings -format binary -platform iphonesimulator -o /Users/kylegraham/Library/Developer/Xcode/DerivedData/Pump_Fitness-efccckiqzmbgbrcqrxtezlairxsx/Build/Products/Debug-iphonesimulator/Firebase_FirebaseCoreExtension.bundle/Info.plist

ProcessInfoPlistFile /Users/kylegraham/Library/Developer/Xcode/DerivedData/Pump_Fitness-efccckiqzmbgbrcqrxtezlairxsx/Build/Products/Debug-iphonesimulator/Firebase_FirebaseCoreInternal.bundle/Info.plist /Users/kylegraham/Library/Developer/Xcode/DerivedData/Pump_Fitness-efccckiqzmbgbrcqrxtezlairxsx/Build/Intermediates.noindex/Firebase.build/Debug-iphonesimulator/Firebase_FirebaseCoreInternal.build/empty-Firebase_FirebaseCoreInternal.plist (in target 'Firebase_FirebaseCoreInternal' from project 'Firebase')
    cd /Users/kylegraham/Library/Developer/Xcode/DerivedData/Pump_Fitness-efccckiqzmbgbrcqrxtezlairxsx/SourcePackages/checkouts/firebase-ios-sdk
    builtin-infoPlistUtility /Users/kylegraham/Library/Developer/Xcode/DerivedData/Pump_Fitness-efccckiqzmbgbrcqrxtezlairxsx/Build/Intermediates.noindex/Firebase.build/Debug-iphonesimulator/Firebase_FirebaseCoreInternal.build/empty-Firebase_FirebaseCoreInternal.plist -producttype com.apple.product-type.bundle -expandbuildsettings -format binary -platform iphonesimulator -o /Users/kylegraham/Library/Developer/Xcode/DerivedData/Pump_Fitness-efccckiqzmbgbrcqrxtezlairxsx/Build/Products/Debug-iphonesimulator/Firebase_FirebaseCoreInternal.bundle/Info.plist

ProcessInfoPlistFile /Users/kylegraham/Library/Developer/Xcode/DerivedData/Pump_Fitness-efccckiqzmbgbrcqrxtezlairxsx/Build/Products/Debug-iphonesimulator/GoogleUtilities_GoogleUtilities-Network.bundle/Info.plist /Users/kylegraham/Library/Developer/Xcode/DerivedData/Pump_Fitness-efccckiqzmbgbrcqrxtezlairxsx/Build/Intermediates.noindex/GoogleUtilities.build/Debug-iphonesimulator/GoogleUtilities_GoogleUtilities-Network.build/empty-GoogleUtilities_GoogleUtilities-Network.plist (in target 'GoogleUtilities_GoogleUtilities-Network' from project 'GoogleUtilities')
    cd /Users/kylegraham/Library/Developer/Xcode/DerivedData/Pump_Fitness-efccckiqzmbgbrcqrxtezlairxsx/SourcePackages/checkouts/GoogleUtilities
    builtin-infoPlistUtility /Users/kylegraham/Library/Developer/Xcode/DerivedData/Pump_Fitness-efccckiqzmbgbrcqrxtezlairxsx/Build/Intermediates.noindex/GoogleUtilities.build/Debug-iphonesimulator/GoogleUtilities_GoogleUtilities-Network.build/empty-GoogleUtilities_GoogleUtilities-Network.plist -producttype com.apple.product-type.bundle -expandbuildsettings -format binary -platform iphonesimulator -o /Users/kylegraham/Library/Developer/Xcode/DerivedData/Pump_Fitness-efccckiqzmbgbrcqrxtezlairxsx/Build/Products/Debug-iphonesimulator/GoogleUtilities_GoogleUtilities-Network.bundle/Info.plist

ProcessInfoPlistFile /Users/kylegraham/Library/Developer/Xcode/DerivedData/Pump_Fitness-efccckiqzmbgbrcqrxtezlairxsx/Build/Products/Debug-iphonesimulator/Firebase_FirebaseFirestore.bundle/Info.plist /Users/kylegraham/Library/Developer/Xcode/DerivedData/Pump_Fitness-efccckiqzmbgbrcqrxtezlairxsx/Build/Intermediates.noindex/Firebase.build/Debug-iphonesimulator/Firebase_FirebaseFirestore.build/empty-Firebase_FirebaseFirestore.plist (in target 'Firebase_FirebaseFirestore' from project 'Firebase')
    cd /Users/kylegraham/Library/Developer/Xcode/DerivedData/Pump_Fitness-efccckiqzmbgbrcqrxtezlairxsx/SourcePackages/checkouts/firebase-ios-sdk
    builtin-infoPlistUtility /Users/kylegraham/Library/Developer/Xcode/DerivedData/Pump_Fitness-efccckiqzmbgbrcqrxtezlairxsx/Build/Intermediates.noindex/Firebase.build/Debug-iphonesimulator/Firebase_FirebaseFirestore.build/empty-Firebase_FirebaseFirestore.plist -producttype com.apple.product-type.bundle -expandbuildsettings -format binary -platform iphonesimulator -o /Users/kylegraham/Library/Developer/Xcode/DerivedData/Pump_Fitness-efccckiqzmbgbrcqrxtezlairxsx/Build/Products/Debug-iphonesimulator/Firebase_FirebaseFirestore.bundle/Info.plist

ProcessInfoPlistFile /Users/kylegraham/Library/Developer/Xcode/DerivedData/Pump_Fitness-efccckiqzmbgbrcqrxtezlairxsx/Build/Products/Debug-iphonesimulator/Firebase_FirebaseCore.bundle/Info.plist /Users/kylegraham/Library/Developer/Xcode/DerivedData/Pump_Fitness-efccckiqzmbgbrcqrxtezlairxsx/Build/Intermediates.noindex/Firebase.build/Debug-iphonesimulator/Firebase_FirebaseCore.build/empty-Firebase_FirebaseCore.plist (in target 'Firebase_FirebaseCore' from project 'Firebase')
    cd /Users/kylegraham/Library/Developer/Xcode/DerivedData/Pump_Fitness-efccckiqzmbgbrcqrxtezlairxsx/SourcePackages/checkouts/firebase-ios-sdk
    builtin-infoPlistUtility /Users/kylegraham/Library/Developer/Xcode/DerivedData/Pump_Fitness-efccckiqzmbgbrcqrxtezlairxsx/Build/Intermediates.noindex/Firebase.build/Debug-iphonesimulator/Firebase_FirebaseCore.build/empty-Firebase_FirebaseCore.plist -producttype com.apple.product-type.bundle -expandbuildsettings -format binary -platform iphonesimulator -o /Users/kylegraham/Library/Developer/Xcode/DerivedData/Pump_Fitness-efccckiqzmbgbrcqrxtezlairxsx/Build/Products/Debug-iphonesimulator/Firebase_FirebaseCore.bundle/Info.plist

ProcessInfoPlistFile /Users/kylegraham/Library/Developer/Xcode/DerivedData/Pump_Fitness-efccckiqzmbgbrcqrxtezlairxsx/Build/Products/Debug-iphonesimulator/Trackerio.app/Info.plist /Users/kylegraham/Downloads/pf/Pump-Fitness-Info.plist (in target 'Trackerio' from project 'Pump Fitness')
    cd /Users/kylegraham/Downloads/pf
    builtin-infoPlistUtility /Users/kylegraham/Downloads/pf/Pump-Fitness-Info.plist -producttype com.apple.product-type.application -genpkginfo /Users/kylegraham/Library/Developer/Xcode/DerivedData/Pump_Fitness-efccckiqzmbgbrcqrxtezlairxsx/Build/Products/Debug-iphonesimulator/Trackerio.app/PkgInfo -expandbuildsettings -format binary -platform iphonesimulator -additionalcontentfile /Users/kylegraham/Library/Developer/Xcode/DerivedData/Pump_Fitness-efccckiqzmbgbrcqrxtezlairxsx/Build/Intermediates.noindex/Pump\ Fitness.build/Debug-iphonesimulator/Trackerio.build/assetcatalog_generated_info.plist -scanforprivacyfile /Users/kylegraham/Library/Developer/Xcode/DerivedData/Pump_Fitness-efccckiqzmbgbrcqrxtezlairxsx/Build/Products/Debug-iphonesimulator/Trackerio.app/AppAuth_AppAuth.bundle -scanforprivacyfile /Users/kylegraham/Library/Developer/Xcode/DerivedData/Pump_Fitness-efccckiqzmbgbrcqrxtezlairxsx/Build/Products/Debug-iphonesimulator/Trackerio.app/AppAuth_AppAuthCore.bundle -scanforprivacyfile /Users/kylegraham/Library/Developer/Xcode/DerivedData/Pump_Fitness-efccckiqzmbgbrcqrxtezlairxsx/Build/Products/Debug-iphonesimulator/Trackerio.app/Firebase_FirebaseAuth.bundle -scanforprivacyfile /Users/kylegraham/Library/Developer/Xcode/DerivedData/Pump_Fitness-efccckiqzmbgbrcqrxtezlairxsx/Build/Products/Debug-iphonesimulator/Trackerio.app/Firebase_FirebaseCore.bundle -scanforprivacyfile /Users/kylegraham/Library/Developer/Xcode/DerivedData/Pump_Fitness-efccckiqzmbgbrcqrxtezlairxsx/Build/Products/Debug-iphonesimulator/Trackerio.app/Firebase_FirebaseCoreExtension.bundle -scanforprivacyfile /Users/kylegraham/Library/Developer/Xcode/DerivedData/Pump_Fitness-efccckiqzmbgbrcqrxtezlairxsx/Build/Products/Debug-iphonesimulator/Trackerio.app/Firebase_FirebaseCoreInternal.bundle -scanforprivacyfile /Users/kylegraham/Library/Developer/Xcode/DerivedData/Pump_Fitness-efccckiqzmbgbrcqrxtezlairxsx/Build/Products/Debug-iphonesimulator/Trackerio.app/Firebase_FirebaseFirestore.bundle -scanforprivacyfile /Users/kylegraham/Library/Developer/Xcode/DerivedData/Pump_Fitness-efccckiqzmbgbrcqrxtezlairxsx/Build/Products/Debug-iphonesimulator/Trackerio.app/Frameworks/FirebaseFirestoreInternal.framework -scanforprivacyfile /Users/kylegraham/Library/Developer/Xcode/DerivedData/Pump_Fitness-efccckiqzmbgbrcqrxtezlairxsx/Build/Products/Debug-iphonesimulator/Trackerio.app/Frameworks/absl.framework -scanforprivacyfile /Users/kylegraham/Library/Developer/Xcode/DerivedData/Pump_Fitness-efccckiqzmbgbrcqrxtezlairxsx/Build/Products/Debug-iphonesimulator/Trackerio.app/Frameworks/grpc.framework -scanforprivacyfile /Users/kylegraham/Library/Developer/Xcode/DerivedData/Pump_Fitness-efccckiqzmbgbrcqrxtezlairxsx/Build/Products/Debug-iphonesimulator/Trackerio.app/Frameworks/grpcpp.framework -scanforprivacyfile /Users/kylegraham/Library/Developer/Xcode/DerivedData/Pump_Fitness-efccckiqzmbgbrcqrxtezlairxsx/Build/Products/Debug-iphonesimulator/Trackerio.app/Frameworks/openssl_grpc.framework -scanforprivacyfile /Users/kylegraham/Library/Developer/Xcode/DerivedData/Pump_Fitness-efccckiqzmbgbrcqrxtezlairxsx/Build/Products/Debug-iphonesimulator/Trackerio.app/GTMAppAuth_GTMAppAuth.bundle -scanforprivacyfile /Users/kylegraham/Library/Developer/Xcode/DerivedData/Pump_Fitness-efccckiqzmbgbrcqrxtezlairxsx/Build/Products/Debug-iphonesimulator/Trackerio.app/GTMSessionFetcher_GTMSessionFetcherCore.bundle -scanforprivacyfile /Users/kylegraham/Library/Developer/Xcode/DerivedData/Pump_Fitness-efccckiqzmbgbrcqrxtezlairxsx/Build/Products/Debug-iphonesimulator/Trackerio.app/GoogleSignIn_GoogleSignIn.bundle -scanforprivacyfile /Users/kylegraham/Library/Developer/Xcode/DerivedData/Pump_Fitness-efccckiqzmbgbrcqrxtezlairxsx/Build/Products/Debug-iphonesimulator/Trackerio.app/GoogleSignIn_GoogleSignInSwift.bundle -scanforprivacyfile /Users/kylegraham/Library/Developer/Xcode/DerivedData/Pump_Fitness-efccckiqzmbgbrcqrxtezlairxsx/Build/Products/Debug-iphonesimulator/Trackerio.app/GoogleUtilities_GoogleUtilities-AppDelegateSwizzler.bundle -scanforprivacyfile /Users/kylegraham/Library/Developer/Xcode/DerivedData/Pump_Fitness-efccckiqzmbgbrcqrxtezlairxsx/Build/Products/Debug-iphonesimulator/Trackerio.app/GoogleUtilities_GoogleUtilities-Environment.bundle -scanforprivacyfile /Users/kylegraham/Library/Developer/Xcode/DerivedData/Pump_Fitness-efccckiqzmbgbrcqrxtezlairxsx/Build/Products/Debug-iphonesimulator/Trackerio.app/GoogleUtilities_GoogleUtilities-Logger.bundle -scanforprivacyfile /Users/kylegraham/Library/Developer/Xcode/DerivedData/Pump_Fitness-efccckiqzmbgbrcqrxtezlairxsx/Build/Products/Debug-iphonesimulator/Trackerio.app/GoogleUtilities_GoogleUtilities-NSData.bundle -scanforprivacyfile /Users/kylegraham/Library/Developer/Xcode/DerivedData/Pump_Fitness-efccckiqzmbgbrcqrxtezlairxsx/Build/Products/Debug-iphonesimulator/Trackerio.app/GoogleUtilities_GoogleUtilities-Network.bundle -scanforprivacyfile /Users/kylegraham/Library/Developer/Xcode/DerivedData/Pump_Fitness-efccckiqzmbgbrcqrxtezlairxsx/Build/Products/Debug-iphonesimulator/Trackerio.app/GoogleUtilities_GoogleUtilities-Reachability.bundle -scanforprivacyfile /Users/kylegraham/Library/Developer/Xcode/DerivedData/Pump_Fitness-efccckiqzmbgbrcqrxtezlairxsx/Build/Products/Debug-iphonesimulator/Trackerio.app/GoogleUtilities_GoogleUtilities-UserDefaults.bundle -scanforprivacyfile /Users/kylegraham/Library/Developer/Xcode/DerivedData/Pump_Fitness-efccckiqzmbgbrcqrxtezlairxsx/Build/Products/Debug-iphonesimulator/Trackerio.app/Promises_FBLPromises.bundle -scanforprivacyfile /Users/kylegraham/Library/Developer/Xcode/DerivedData/Pump_Fitness-efccckiqzmbgbrcqrxtezlairxsx/Build/Products/Debug-iphonesimulator/Trackerio.app/abseil_abslWrapper.bundle -scanforprivacyfile /Users/kylegraham/Library/Developer/Xcode/DerivedData/Pump_Fitness-efccckiqzmbgbrcqrxtezlairxsx/Build/Products/Debug-iphonesimulator/Trackerio.app/gRPC_grpcWrapper.bundle -scanforprivacyfile /Users/kylegraham/Library/Developer/Xcode/DerivedData/Pump_Fitness-efccckiqzmbgbrcqrxtezlairxsx/Build/Products/Debug-iphonesimulator/Trackerio.app/gRPC_grpcppWrapper.bundle -scanforprivacyfile /Users/kylegraham/Library/Developer/Xcode/DerivedData/Pump_Fitness-efccckiqzmbgbrcqrxtezlairxsx/Build/Products/Debug-iphonesimulator/Trackerio.app/gRPC_opensslWrapper.bundle -scanforprivacyfile /Users/kylegraham/Library/Developer/Xcode/DerivedData/Pump_Fitness-efccckiqzmbgbrcqrxtezlairxsx/Build/Products/Debug-iphonesimulator/Trackerio.app/leveldb_leveldb.bundle -scanforprivacyfile /Users/kylegraham/Library/Developer/Xcode/DerivedData/Pump_Fitness-efccckiqzmbgbrcqrxtezlairxsx/Build/Products/Debug-iphonesimulator/Trackerio.app/nanopb_nanopb.bundle -o /Users/kylegraham/Library/Developer/Xcode/DerivedData/Pump_Fitness-efccckiqzmbgbrcqrxtezlairxsx/Build/Products/Debug-iphonesimulator/Trackerio.app/Info.plist

CopySwiftLibs /Users/kylegraham/Library/Developer/Xcode/DerivedData/Pump_Fitness-efccckiqzmbgbrcqrxtezlairxsx/Build/Products/Debug-iphonesimulator/Trackerio.app (in target 'Trackerio' from project 'Pump Fitness')
    cd /Users/kylegraham/Downloads/pf
    builtin-swiftStdLibTool --copy --verbose --sign - --scan-executable /Users/kylegraham/Library/Developer/Xcode/DerivedData/Pump_Fitness-efccckiqzmbgbrcqrxtezlairxsx/Build/Products/Debug-iphonesimulator/Trackerio.app/Trackerio.debug.dylib --scan-folder /Users/kylegraham/Library/Developer/Xcode/DerivedData/Pump_Fitness-efccckiqzmbgbrcqrxtezlairxsx/Build/Products/Debug-iphonesimulator/Trackerio.app/Frameworks --scan-folder /Users/kylegraham/Library/Developer/Xcode/DerivedData/Pump_Fitness-efccckiqzmbgbrcqrxtezlairxsx/Build/Products/Debug-iphonesimulator/Trackerio.app/PlugIns --scan-folder /Users/kylegraham/Library/Developer/Xcode/DerivedData/Pump_Fitness-efccckiqzmbgbrcqrxtezlairxsx/Build/Products/Debug-iphonesimulator/Trackerio.app/SystemExtensions --scan-folder /Users/kylegraham/Library/Developer/Xcode/DerivedData/Pump_Fitness-efccckiqzmbgbrcqrxtezlairxsx/Build/Products/Debug-iphonesimulator/Trackerio.app/Extensions --scan-folder /Applications/Xcode.app/Contents/Developer/Platforms/iPhoneSimulator.platform/Developer/SDKs/iPhoneSimulator26.2.sdk/System/Library/Frameworks/StoreKit.framework --platform iphonesimulator --toolchain /Applications/Xcode.app/Contents/Developer/Toolchains/XcodeDefault.xctoolchain --destination /Users/kylegraham/Library/Developer/Xcode/DerivedData/Pump_Fitness-efccckiqzmbgbrcqrxtezlairxsx/Build/Products/Debug-iphonesimulator/Trackerio.app/Frameworks --strip-bitcode --strip-bitcode-tool /Applications/Xcode.app/Contents/Developer/Toolchains/XcodeDefault.xctoolchain/usr/bin/bitcode_strip --emit-dependency-info /Users/kylegraham/Library/Developer/Xcode/DerivedData/Pump_Fitness-efccckiqzmbgbrcqrxtezlairxsx/Build/Intermediates.noindex/Pump\ Fitness.build/Debug-iphonesimulator/Trackerio.build/SwiftStdLibToolInputDependencies.dep --filter-for-swift-os --back-deploy-swift-span

** BUILD SUCCEEDED **

